Copyright 1986-2022 Xilinx, Inc. All Rights Reserved. Copyright 2022-2023 Advanced Micro Devices, Inc. All Rights Reserved.
---------------------------------------------------------------------------------------------------------------------------------------------
| Tool Version : Vivado v.2023.1 (lin64) Build 3865809 Sun May  7 15:04:56 MDT 2023
| Date         : Sat Jan  3 23:20:42 2026
| Host         : kk running 64-bit Ubuntu 22.04.5 LTS
| Command      : report_utilization -hierarchical -file hdu_util.rpt
| Design       : hdu_top
| Device       : xc7z020clg400-1
| Speed File   : -1
| Design State : Synthesized
---------------------------------------------------------------------------------------------------------------------------------------------

Utilization Design Information

Table of Contents
-----------------
1. Utilization by Hierarchy

1. Utilization by Hierarchy
---------------------------

+--------------+-----------------+------------+------------+---------+------+------+--------+--------+------------+
|   Instance   |      Module     | Total LUTs | Logic LUTs | LUTRAMs | SRLs |  FFs | RAMB36 | RAMB18 | DSP Blocks |
+--------------+-----------------+------------+------------+---------+------+------+--------+--------+------------+
| hdu_top      |           (top) |        636 |        636 |       0 |    0 | 1519 |      0 |      0 |          0 |
|   (hdu_top)  |           (top) |          0 |          0 |       0 |    0 |    0 |      0 |      0 |          0 |
|   u_alloc    |  slot_allocator |        103 |        103 |       0 |    0 |  104 |      0 |      0 |          0 |
|   u_cam      |        auth_cam |        447 |        447 |       0 |    0 | 1298 |      0 |      0 |          0 |
|   u_fallback | fallback_bridge |         12 |         12 |       0 |    0 |   35 |      0 |      0 |          0 |
|   u_parser   |   header_parser |         74 |         74 |       0 |    0 |   82 |      0 |      0 |          0 |
+--------------+-----------------+------------+------------+---------+------+------+--------+--------+------------+


